
> teo@3.6.3 build
> npm run copy:sqlwasm && nx build


> teo@3.6.3 copy:sqlwasm
> copyfiles -u 3 node_modules/sql.js/dist/sql-wasm.wasm src/assets


> nx run app:build:production

[33m❯[39m Building...
[32m✔[39m Building...
[37mApplication bundle generation failed. [6.818 seconds] - 2026-01-01T05:10:30.162Z[39m
[37m[39m
▲ [WARNING] NG8113: IonCardHeader is not used within the template of AgendaDesktopComponent [plugin angular-compiler]

    src/app/features/agenda/components/agenda-desktop/agenda-desktop.component.ts:55:4:
      55 │     IonCardHeader,
         ╵     ~~~~~~~~~~~~~


▲ [WARNING] NG8113: IonCardTitle is not used within the template of AgendaDesktopComponent [plugin angular-compiler]

    src/app/features/agenda/components/agenda-desktop/agenda-desktop.component.ts:56:4:
      56 │     IonCardTitle,
         ╵     ~~~~~~~~~~~~


▲ [WARNING] NG8113: DayDetailDrawerComponent is not used within the template of HomePage [plugin angular-compiler]

    src/app/home/home.page.ts:126:4:
      126 │     DayDetailDrawerComponent,
          ╵     ~~~~~~~~~~~~~~~~~~~~~~~~


▲ [WARNING] The glob pattern import("./**/*.entry.js*") did not match any files [empty-glob]

    node_modules/@stencil/core/internal/client/index.js:169:2:
      169 │   `./${bundleId}.entry.js${BUILD5.hotModuleReplacement && hmrVers...
          ╵   ~~~~~~~~~~~~~~~~~~~~~~~~~~~~~~~~~~~~~~~~~~~~~~~~~~~~~~~~~~~~~~~


X [ERROR] TS2339: Property 'COMPLETADO' does not exist on type 'typeof RegistroStatus'. [plugin angular-compiler]

    src/app/core/services/analytics.service.ts:57:81:
      57 │ ...istros.filter(r => r.status === RegistroStatus.COMPLETADO).length;
         ╵                                                   ~~~~~~~~~~


X [ERROR] TS2307: Cannot find module '../../../models/registro.model' or its corresponding type declarations. [plugin angular-compiler]

    src/app/core/services/ics-export.service.ts:2:25:
      2 │ import { Registro } from '../../../models/registro.model';
        ╵                          ~~~~~~~~~~~~~~~~~~~~~~~~~~~~~~~~


X [ERROR] TS2307: Cannot find module '../../../models/registro.model' or its corresponding type declarations. [plugin angular-compiler]

    src/app/core/services/json-export.service.ts:2:25:
      2 │ import { Registro } from '../../../models/registro.model';
        ╵                          ~~~~~~~~~~~~~~~~~~~~~~~~~~~~~~~~


X [ERROR] NG2012: Component imports must be standalone components, directives, pipes, or must be NgModules. [plugin angular-compiler]

    src/app/features/analytics/components/reports/reports.component.ts:240:199:
      240 │ ...egmentButton, IonLabel, IonIcon, IonProgressBar, ToastController]
          ╵                                                     ~~~~~~~~~~~~~~~


X [ERROR] TS2339: Property 'getTrend' does not exist on type 'AnalyticsService'. [plugin angular-compiler]

    src/app/features/analytics/components/reports/reports.component.ts:327:40:
      327 │ ...nd = this.analyticsService.getTrend(regs, start, end, 
granular...
          ╵                               ~~~~~~~~


X [ERROR] TS7006: Parameter 't' implicitly has an 'any' type. [plugin angular-compiler]

    src/app/features/analytics/components/reports/reports.component.ts:330:41:
      330 │ ...maxVal = Math.max(...trend.map(t => t.value), 1); // Avoid div...
          ╵                                   ^


X [ERROR] TS7006: Parameter 't' implicitly has an 'any' type. [plugin angular-compiler]

    src/app/features/analytics/components/reports/reports.component.ts:332:21:
      332 │     return trend.map(t => ({
          ╵                      ^


X [ERROR] TS7006: Parameter 't' implicitly has an 'any' type. [plugin angular-compiler]

    src/app/features/analytics/components/reports/reports.component.ts:366:18:
      366 │     trend.forEach(t => {
          ╵                   ^


X [ERROR] TS2339: Property 'show' does not exist on type 'ToastService'. [plugin angular-compiler]

    src/app/features/settings/components/export-import/export-import.component.ts:307:30:
      307 │             this.toastService.show('No hay registros para exporta...
          ╵                               ~~~~


X [ERROR] TS2339: Property 'show' does not exist on type 'ToastService'. [plugin angular-compiler]

    src/app/features/settings/components/export-import/export-import.component.ts:313:26:
      313 │         this.toastService.show(`Exportados ${registros.length} ev...
          ╵                           ~~~~


X [ERROR] TS2339: Property 'show' does not exist on type 'ToastService'. [1m[plugin angular-compiler]

    src/app/features/settings/components/export-import/export-import.component.ts:325:26:
      325 │         this.toastService.show(`Backup completo exportado (${tota...
          ╵                           ~~~~


X [ERROR] TS2339: Property 'show' does not exist on type 'ToastService'. [plugin angular-compiler]

    src/app/features/settings/components/export-import/export-import.component.ts:355:34:
      355 │                 this.toastService.show(result.message, 'success');
          ╵                                   ~~~~


X [ERROR] TS2339: Property 'show' does not exist on type 'ToastService'. [plugin angular-compiler]

    src/app/features/settings/components/export-import/export-import.component.ts:361:34:
      361 │                 this.toastService.show(result.message, 'danger');
          ╵                                   ~~~~


X [ERROR] TS2339: Property 'show' does not exist on type 'ToastService'. [plugin angular-compiler]

    src/app/features/settings/components/export-import/export-import.component.ts:367:30:
      367 │             this.toastService.show('Error durante la importación...
          ╵                               ~~~~





 NX   Running target build for project app failed

Failed tasks:

- app:build:production

Hint: run the command with --verbose for more details.


 NX   Nx Cloud encountered some problems

This workspace is more than three days old and is not connected. Workspaces must be connected within 3 days of creation. Claim your workspace at https://cloud.nx.app. (code: 401)

